<html>
<body>
<pre>
<h1>µVision Build Log</h1>
<h2>Project:</h2>
C:\Users\15839\Desktop\Spring 2021\ECE 425 L\Labs\Project 11\project11.uvproj
Project File Date:  05/07/2021

<h2>Output:</h2>
Rebuild target 'Target 1'
assembling mystartup.s...
assembling user_code.s...
linking...
Program Size: Code=684 RO-data=0 RW-data=0 ZI-data=0  
FromELF: creating hex file...
".\project11Ramirez.axf" - 0 Error(s), 0 Warning(s).
</pre>
</body>
</html>
ror: A1516E: Bad symbol 'MR3match', not defined or external
".\project11.axf" - 3 Error(s), 0 Warning(s).
Target not created
or external
".\project11.axf" - 4 Error(s), 0 Warning(s).
Target not created
ed
